nohup: ignoring input
/home/openhands/.local/lib/python3.13/site-packages/torch/jit/_script.py:1491: FutureWarning: `torch.jit.script` is deprecated. Please switch to `torch.compile` or `torch.export`.
  warnings.warn(
================================================================================
PART 1-3: RUNNING SCALABILITY, MEMORY & THROUGHPUT BENCHMARK
================================================================================
[*] Starting Scalability & Memory Benchmark across edge scales: [10000, 25000, 50000, 100000, 250000, 500000, 1000000]...

--- Benchmarking Graph Size: 10,000 Edges ---
  [Rule Engine] Edges: 10,000 | Time: 0.2652s | Throughput: 37,705.64 eps | Peak Mem: 4.14MB
  [GraphSAGE]   Edges: 10,000 | Time: 0.0107s | Throughput: 936,270.37 eps | Peak Mem: 15.61MB

--- Benchmarking Graph Size: 25,000 Edges ---
  [Rule Engine] Edges: 25,000 | Time: 0.6879s | Throughput: 36,344.92 eps | Peak Mem: 4.23MB
  [GraphSAGE]   Edges: 25,000 | Time: 0.0164s | Throughput: 1,526,067.15 eps | Peak Mem: 16.07MB

--- Benchmarking Graph Size: 50,000 Edges ---
  [Rule Engine] Edges: 50,000 | Time: 1.4536s | Throughput: 34,397.20 eps | Peak Mem: 7.98MB
  [GraphSAGE]   Edges: 50,000 | Time: 0.0299s | Throughput: 1,673,611.21 eps | Peak Mem: 27.65MB

--- Benchmarking Graph Size: 100,000 Edges ---
  [Rule Engine] Edges: 100,000 | Time: 3.0168s | Throughput: 33,148.17 eps | Peak Mem: 15.85MB
  [GraphSAGE]   Edges: 100,000 | Time: 0.0610s | Throughput: 1,639,841.27 eps | Peak Mem: 54.17MB

--- Benchmarking Graph Size: 250,000 Edges ---
  [Rule Engine] Edges: 250,000 | Time: 7.8870s | Throughput: 31,697.83 eps | Peak Mem: 100.17MB
  [GraphSAGE]   Edges: 250,000 | Time: 0.2024s | Throughput: 1,235,457.47 eps | Peak Mem: 57.92MB

--- Benchmarking Graph Size: 500,000 Edges ---
  [Rule Engine] Edges: 500,000 | Time: 16.2817s | Throughput: 30,709.23 eps | Peak Mem: 90.30MB
  [GraphSAGE]   Edges: 500,000 | Time: 0.3851s | Throughput: 1,298,252.72 eps | Peak Mem: 115.82MB

--- Benchmarking Graph Size: 1,000,000 Edges ---
  [Rule Engine] Edges: 1,000,000 | Time: 33.6869s | Throughput: 29,685.12 eps | Peak Mem: 416.50MB
  [GraphSAGE]   Edges: 1,000,000 | Time: 0.8815s | Throughput: 1,134,462.47 eps | Peak Mem: 231.64MB

[*] Generating Memory & Throughput Reports...
[*] Generating Benchmark Curves & Plots...

================================================================================
PART 5: RUNNING RULE ENGINE ABLATION STUDY
================================================================================

================================================================================
PART 6: RUNNING PER-RULE PERFORMANCE STATISTICS
================================================================================

================================================================================
PHASE 9 BENCHMARKING COMPLETE
================================================================================
  [MEMORY CSV]      results/memory.csv
  [MEMORY MD]       results/memory.md
  [THROUGHPUT CSV]  results/throughput.csv
  [THROUGHPUT MD]   results/throughput.md
  [RUNTIME PLOT]    results/runtime_vs_edges.png
  [MEMORY PLOT]     results/memory_vs_edges.png
  [THROUGHPUT PLOT] results/throughput_vs_edges.png
  [ABLATION CSV]    results/ablation.csv
  [ABLATION MD]     results/ablation.md
  [RULE STATS CSV]  results/rule_statistics.csv
  [RULE STATS MD]   results/rule_statistics.md

[+] All Phase 9 benchmarks, reports, and plots generated successfully.
