nohup: ignoring input
/home/openhands/.local/lib/python3.13/site-packages/torch/jit/_script.py:1491: FutureWarning: `torch.jit.script` is deprecated. Please switch to `torch.compile` or `torch.export`.
  warnings.warn(
================================================================================
PART 1-3: RUNNING SCALABILITY, MEMORY & THROUGHPUT BENCHMARK
================================================================================
[*] Starting Scalability & Memory Benchmark across edge scales: [10000, 25000, 50000, 100000, 250000, 500000, 1000000]...

--- Benchmarking Graph Size: 10,000 Edges ---
  [Rule Engine] Edges: 10,000 | Time: 0.2729s | Throughput: 36,640.12 eps | Peak Mem: 4.13MB
  [GraphSAGE]   Edges: 10,000 | Time: 0.0102s | Throughput: 983,862.45 eps | Peak Mem: 15.76MB

--- Benchmarking Graph Size: 25,000 Edges ---
  [Rule Engine] Edges: 25,000 | Time: 0.6996s | Throughput: 35,732.48 eps | Peak Mem: 4.23MB
  [GraphSAGE]   Edges: 25,000 | Time: 0.0199s | Throughput: 1,254,442.57 eps | Peak Mem: 19.11MB

--- Benchmarking Graph Size: 50,000 Edges ---
  [Rule Engine] Edges: 50,000 | Time: 1.4954s | Throughput: 33,435.24 eps | Peak Mem: 16.34MB
  [GraphSAGE]   Edges: 50,000 | Time: 0.0302s | Throughput: 1,654,362.01 eps | Peak Mem: 40.70MB

--- Benchmarking Graph Size: 100,000 Edges ---
  [Rule Engine] Edges: 100,000 | Time: 3.0585s | Throughput: 32,695.76 eps | Peak Mem: 40.14MB
  [GraphSAGE]   Edges: 100,000 | Time: 0.0641s | Throughput: 1,559,139.67 eps | Peak Mem: 78.10MB

--- Benchmarking Graph Size: 250,000 Edges ---
  [Rule Engine] Edges: 250,000 | Time: 7.9206s | Throughput: 31,563.45 eps | Peak Mem: 83.54MB
  [GraphSAGE]   Edges: 250,000 | Time: 0.1824s | Throughput: 1,370,820.18 eps | Peak Mem: 57.92MB

--- Benchmarking Graph Size: 500,000 Edges ---
  [Rule Engine] Edges: 500,000 | Time: 16.4459s | Throughput: 30,402.75 eps | Peak Mem: 97.02MB
  [GraphSAGE]   Edges: 500,000 | Time: 0.4597s | Throughput: 1,087,746.85 eps | Peak Mem: 115.82MB

--- Benchmarking Graph Size: 1,000,000 Edges ---
  [Rule Engine] Edges: 1,000,000 | Time: 33.7208s | Throughput: 29,655.25 eps | Peak Mem: 381.13MB
  [GraphSAGE]   Edges: 1,000,000 | Time: 0.8593s | Throughput: 1,163,697.70 eps | Peak Mem: 231.64MB

[*] Generating Memory & Throughput Reports...
[*] Generating Benchmark Curves & Plots...

================================================================================
PART 5: RUNNING RULE ENGINE ABLATION STUDY
================================================================================

================================================================================
PART 6: RUNNING PER-RULE PERFORMANCE STATISTICS
================================================================================

================================================================================
PHASE 9 BENCHMARKING COMPLETE
================================================================================
  [MEMORY CSV]      results/memory.csv
  [MEMORY MD]       results/memory.md
  [THROUGHPUT CSV]  results/throughput.csv
  [THROUGHPUT MD]   results/throughput.md
  [RUNTIME PLOT]    results/runtime_vs_edges.png
  [MEMORY PLOT]     results/memory_vs_edges.png
  [THROUGHPUT PLOT] results/throughput_vs_edges.png
  [ABLATION CSV]    results/ablation.csv
  [ABLATION MD]     results/ablation.md
  [RULE STATS CSV]  results/rule_statistics.csv
  [RULE STATS MD]   results/rule_statistics.md

[+] All Phase 9 benchmarks, reports, and plots generated successfully.
