nohup: ignoring input
/home/openhands/.local/lib/python3.13/site-packages/sklearn/metrics/_classification.py:614: UserWarning: A single label was found in 'y_true' and 'y_pred'. For the confusion matrix to have the correct shape, use the 'labels' parameter to pass all known labels.
  warnings.warn(
/home/openhands/.local/lib/python3.13/site-packages/torch/jit/_script.py:1491: FutureWarning: `torch.jit.script` is deprecated. Please switch to `torch.compile` or `torch.export`.
  warnings.warn(
done 1 RE f1 0.8108108108108109 GS f1 0.5
/home/openhands/.local/lib/python3.13/site-packages/sklearn/metrics/_classification.py:614: UserWarning: A single label was found in 'y_true' and 'y_pred'. For the confusion matrix to have the correct shape, use the 'labels' parameter to pass all known labels.
  warnings.warn(
done 7 RE f1 0.6829268292682926 GS f1 0.33333333333333337
/home/openhands/.local/lib/python3.13/site-packages/sklearn/metrics/_classification.py:614: UserWarning: A single label was found in 'y_true' and 'y_pred'. For the confusion matrix to have the correct shape, use the 'labels' parameter to pass all known labels.
  warnings.warn(
done 13 RE f1 0.7272727272727272 GS f1 0.35294117647058826
/home/openhands/.local/lib/python3.13/site-packages/sklearn/metrics/_classification.py:614: UserWarning: A single label was found in 'y_true' and 'y_pred'. For the confusion matrix to have the correct shape, use the 'labels' parameter to pass all known labels.
  warnings.warn(
done 21 RE f1 0.7894736842105263 GS f1 0.4
skip existing 42
/home/openhands/.local/lib/python3.13/site-packages/sklearn/metrics/_classification.py:614: UserWarning: A single label was found in 'y_true' and 'y_pred'. For the confusion matrix to have the correct shape, use the 'labels' parameter to pass all known labels.
  warnings.warn(
done 99 RE f1 0.8666666666666667 GS f1 0.39999999999999997
/home/openhands/.local/lib/python3.13/site-packages/sklearn/metrics/_classification.py:614: UserWarning: A single label was found in 'y_true' and 'y_pred'. For the confusion matrix to have the correct shape, use the 'labels' parameter to pass all known labels.
  warnings.warn(
done 123 RE f1 0.8571428571428571 GS f1 0.0
/home/openhands/.local/lib/python3.13/site-packages/sklearn/metrics/_classification.py:614: UserWarning: A single label was found in 'y_true' and 'y_pred'. For the confusion matrix to have the correct shape, use the 'labels' parameter to pass all known labels.
  warnings.warn(
done 256 RE f1 0.8749999999999999 GS f1 0.4444444444444445
/home/openhands/.local/lib/python3.13/site-packages/sklearn/metrics/_classification.py:614: UserWarning: A single label was found in 'y_true' and 'y_pred'. For the confusion matrix to have the correct shape, use the 'labels' parameter to pass all known labels.
  warnings.warn(
done 512 RE f1 0.7777777777777778 GS f1 0.5714285714285715
/home/openhands/.local/lib/python3.13/site-packages/sklearn/metrics/_classification.py:614: UserWarning: A single label was found in 'y_true' and 'y_pred'. For the confusion matrix to have the correct shape, use the 'labels' parameter to pass all known labels.
  warnings.warn(
done 1024 RE f1 0.8125000000000001 GS f1 0.0
