\BOOKMARK [1][-]{section.1}{\376\377\000I\000n\000t\000r\000o\000d\000u\000c\000t\000i\000o\000n}{}% 1
\BOOKMARK [2][-]{subsection.1.1}{\376\377\000C\000o\000n\000t\000r\000i\000b\000u\000t\000i\000o\000n\000s}{section.1}% 2
\BOOKMARK [1][-]{section.2}{\376\377\000B\000a\000c\000k\000g\000r\000o\000u\000n\000d\000\040\000a\000n\000d\000\040\000R\000e\000l\000a\000t\000e\000d\000\040\000W\000o\000r\000k}{}% 3
\BOOKMARK [2][-]{subsection.2.1}{\376\377\000P\000r\000o\000v\000e\000n\000a\000n\000c\000e\000-\000b\000a\000s\000e\000d\000\040\000d\000e\000t\000e\000c\000t\000i\000o\000n}{section.2}% 4
\BOOKMARK [2][-]{subsection.2.2}{\376\377\000A\000d\000v\000e\000r\000s\000a\000r\000i\000a\000l\000\040\000r\000o\000b\000u\000s\000t\000n\000e\000s\000s\000\040\000o\000f\000\040\000g\000r\000a\000p\000h\000\040\000d\000e\000t\000e\000c\000t\000o\000r\000s}{section.2}% 5
\BOOKMARK [2][-]{subsection.2.3}{\376\377\000P\000r\000o\000v\000e\000n\000a\000n\000c\000e\000\040\000i\000n\000t\000e\000g\000r\000i\000t\000y}{section.2}% 6
\BOOKMARK [1][-]{section.3}{\376\377\000P\000r\000o\000b\000l\000e\000m\000\040\000F\000o\000r\000m\000u\000l\000a\000t\000i\000o\000n}{}% 7
\BOOKMARK [1][-]{section.4}{\376\377\000T\000h\000r\000e\000a\000t\000\040\000M\000o\000d\000e\000l}{}% 8
\BOOKMARK [1][-]{section.5}{\376\377\000P\000r\000o\000v\000e\000n\000a\000n\000c\000e\000\040\000R\000e\000p\000r\000e\000s\000e\000n\000t\000a\000t\000i\000o\000n}{}% 9
\BOOKMARK [1][-]{section.6}{\376\377\000P\000r\000o\000p\000o\000s\000e\000d\000\040\000D\000e\000t\000e\000c\000t\000i\000o\000n\000\040\000F\000r\000a\000m\000e\000w\000o\000r\000k}{}% 10
\BOOKMARK [2][-]{subsection.6.1}{\376\377\000S\000t\000r\000u\000c\000t\000u\000r\000a\000l\000\040\000r\000u\000l\000e\000s}{section.6}% 11
\BOOKMARK [2][-]{subsection.6.2}{\376\377\000T\000e\000m\000p\000o\000r\000a\000l\000\040\000r\000u\000l\000e\000s}{section.6}% 12
\BOOKMARK [2][-]{subsection.6.3}{\376\377\000S\000e\000m\000a\000n\000t\000i\000c\000\040\000r\000u\000l\000e\000s}{section.6}% 13
\BOOKMARK [2][-]{subsection.6.4}{\376\377\000C\000o\000n\000t\000i\000n\000u\000o\000u\000s\000\040\000a\000n\000o\000m\000a\000l\000y\000\040\000s\000c\000o\000r\000e}{section.6}% 14
\BOOKMARK [1][-]{section.7}{\376\377\000G\000r\000a\000p\000h\000S\000A\000G\000E\000\040\000B\000a\000s\000e\000l\000i\000n\000e}{}% 15
\BOOKMARK [1][-]{section.8}{\376\377\000E\000x\000p\000e\000r\000i\000m\000e\000n\000t\000a\000l\000\040\000M\000e\000t\000h\000o\000d\000o\000l\000o\000g\000y}{}% 16
\BOOKMARK [2][-]{subsection.8.1}{\376\377\000D\000a\000t\000a\000s\000e\000t\000s}{section.8}% 17
\BOOKMARK [2][-]{subsection.8.2}{\376\377\000P\000o\000i\000s\000o\000n\000i\000n\000g\000\040\000o\000p\000e\000r\000a\000t\000o\000r\000s}{section.8}% 18
\BOOKMARK [2][-]{subsection.8.3}{\376\377\000L\000e\000a\000k\000a\000g\000e\000-\000f\000r\000e\000e\000\040\000p\000r\000o\000t\000o\000c\000o\000l}{section.8}% 19
\BOOKMARK [2][-]{subsection.8.4}{\376\377\000M\000e\000t\000r\000i\000c\000s}{section.8}% 20
\BOOKMARK [2][-]{subsection.8.5}{\376\377\000S\000e\000e\000d\000s\000\040\000a\000n\000d\000\040\000s\000t\000a\000t\000i\000s\000t\000i\000c\000s}{section.8}% 21
\BOOKMARK [1][-]{section.9}{\376\377\000D\000a\000t\000a\000\040\000P\000a\000r\000s\000i\000n\000g\000\040\000a\000n\000d\000\040\000P\000r\000e\000p\000r\000o\000c\000e\000s\000s\000i\000n\000g}{}% 22
\BOOKMARK [1][-]{section.10}{\376\377\000E\000v\000a\000l\000u\000a\000t\000i\000o\000n\000\040\000P\000r\000o\000t\000o\000c\000o\000l}{}% 23
\BOOKMARK [1][-]{section.11}{\376\377\000M\000a\000i\000n\000\040\000D\000e\000t\000e\000c\000t\000i\000o\000n\000\040\000R\000e\000s\000u\000l\000t\000s}{}% 24
\BOOKMARK [1][-]{section.12}{\376\377\000C\000r\000o\000s\000s\000-\000D\000a\000t\000a\000s\000e\000t\000\040\000G\000e\000n\000e\000r\000a\000l\000i\000z\000a\000t\000i\000o\000n}{}% 25
\BOOKMARK [1][-]{section.13}{\376\377\000R\000o\000b\000u\000s\000t\000n\000e\000s\000s\000\040\000t\000o\000\040\000M\000i\000m\000i\000c\000r\000y}{}% 26
\BOOKMARK [1][-]{section.14}{\376\377\000P\000o\000i\000s\000o\000n\000i\000n\000g\000\040\000E\000x\000p\000e\000r\000i\000m\000e\000n\000t\000s\000\040\000a\000n\000d\000\040\000G\000r\000o\000u\000n\000d\000-\000T\000r\000u\000t\000h\000\040\000V\000a\000l\000i\000d\000i\000t\000y}{}% 27
\BOOKMARK [1][-]{section.15}{\376\377\000R\000u\000l\000e\000\040\000A\000b\000l\000a\000t\000i\000o\000n}{}% 28
\BOOKMARK [1][-]{section.16}{\376\377\000G\000r\000a\000p\000h\000S\000A\000G\000E\000\040\000L\000e\000a\000k\000a\000g\000e\000\040\000A\000n\000a\000l\000y\000s\000i\000s\000\040\000a\000n\000d\000\040\000E\000v\000a\000l\000u\000a\000t\000i\000o\000n\000\040\000I\000n\000t\000e\000g\000r\000i\000t\000y}{}% 29
\BOOKMARK [2][-]{subsection.16.1}{\376\377\000R\000e\000c\000o\000n\000c\000i\000l\000i\000a\000t\000i\000o\000n\000\040\000o\000f\000\040\000r\000e\000p\000o\000r\000t\000e\000d\000\040\000v\000a\000l\000u\000e\000s}{section.16}% 30
\BOOKMARK [1][-]{section.17}{\376\377\000R\000O\000C\000-\000A\000U\000C\000\040\000V\000e\000r\000i\000f\000i\000c\000a\000t\000i\000o\000n\000\040\000a\000n\000d\000\040\000C\000o\000n\000t\000i\000n\000u\000o\000u\000s\000\040\000S\000c\000o\000r\000i\000n\000g}{}% 31
\BOOKMARK [1][-]{section.18}{\376\377\000S\000c\000a\000l\000a\000b\000i\000l\000i\000t\000y\000\040\000a\000n\000d\000\040\000C\000o\000m\000p\000u\000t\000a\000t\000i\000o\000n\000a\000l\000\040\000C\000o\000s\000t}{}% 32
\BOOKMARK [1][-]{section.19}{\376\377\000S\000t\000a\000t\000i\000s\000t\000i\000c\000a\000l\000\040\000A\000n\000a\000l\000y\000s\000i\000s}{}% 33
\BOOKMARK [1][-]{section.20}{\376\377\000D\000i\000s\000c\000u\000s\000s\000i\000o\000n}{}% 34
\BOOKMARK [1][-]{section.21}{\376\377\000L\000i\000m\000i\000t\000a\000t\000i\000o\000n\000s}{}% 35
\BOOKMARK [1][-]{section.22}{\376\377\000R\000e\000p\000r\000o\000d\000u\000c\000i\000b\000i\000l\000i\000t\000y}{}% 36
\BOOKMARK [1][-]{section.23}{\376\377\000C\000o\000n\000c\000l\000u\000s\000i\000o\000n}{}% 37
\BOOKMARK [1][-]{section*.1}{\376\377\000R\000e\000f\000e\000r\000e\000n\000c\000e\000s}{}% 38
